
> adaptando-mvp@0.1.0 build
> next build

   Ôû▓ Next.js 15.3.2
   - Environments: .env.local, .env

   Creating an optimized production build ...
 Ô£ô Compiled successfully in 12.0s
   Linting and checking validity of types ...
node.exe : 
No linha:1 caractere:1
+ & "C:\Program Files\nodejs/node.exe" "C:\Program 
Files\nodejs/node_mo ...
+ ~~~~~~~~~~~~~~~~~~~~~~~~~~~~~~~~~~~~~~~~~~~~~~~~~~~~~
~~~~~~~~~~~~~~~~
    + CategoryInfo          : NotSpecified: (:String)  
   [], RemoteException
    + FullyQualifiedErrorId : NativeCommandError
 
Failed to compile.

./src/app/arena/[mundoId]/page.tsx
41:10  Error: 'metrosLinha' is assigned a value but 
never used.  @typescript-eslint/no-unused-vars
65:6  Warning: React Hook useEffect has a missing 
dependency: 'router'. Either include it or remove the 
dependency array.  react-hooks/exhaustive-deps

./src/app/cadastro/page.tsx
6:10  Error: 'Sparkles' is defined but never used.  
@typescript-eslint/no-unused-vars
76:11  Warning: Using `<img>` could result in slower 
LCP and higher bandwidth. Consider using `<Image />` 
from `next/image` or a custom image loader to 
automatically optimize images. This may incur 
additional usage or cost from your provider. See: 
https://nextjs.org/docs/messages/no-img-element  
@next/next/no-img-element

./src/app/layout.tsx
19:9  Warning: Custom fonts not added in 
`pages/_document.js` will only load for a single page. 
This is discouraged. See: 
https://nextjs.org/docs/messages/no-page-custom-font  
@next/next/no-page-custom-font

./src/app/login/page.tsx
45:11  Warning: Using `<img>` could result in slower 
LCP and higher bandwidth. Consider using `<Image />` 
from `next/image` or a custom image loader to 
automatically optimize images. This may incur 
additional usage or cost from your provider. See: 
https://nextjs.org/docs/messages/no-img-element  
@next/next/no-img-element

./src/app/mapa/page.tsx
68:6  Warning: React Hook useEffect has missing 
dependencies: 'router' and 'supabase'. Either include 
them or remove the dependency array.  
react-hooks/exhaustive-deps

./src/app/trilha/[mundoId]/page.tsx
55:6  Warning: React Hook useEffect has a missing 
dependency: 'router'. Either include it or remove the 
dependency array.  react-hooks/exhaustive-deps

./src/components/map/SkyWorld.tsx
18:23  Error: Unexpected any. Specify a different 
type.  @typescript-eslint/no-explicit-any
46:51  Error: 'score' is defined but never used.  
@typescript-eslint/no-unused-vars

./src/components/map/TopBar.tsx
32:15  Warning: Using `<img>` could result in slower 
LCP and higher bandwidth. Consider using `<Image />` 
from `next/image` or a custom image loader to 
automatically optimize images. This may incur 
additional usage or cost from your provider. See: 
https://nextjs.org/docs/messages/no-img-element  
@next/next/no-img-element

./src/lib/supabase/server.ts
15:70  Error: Unexpected any. Specify a different 
type.  @typescript-eslint/no-explicit-any

info  - Need to disable some ESLint rules? Learn more 
here: https://nextjs.org/docs/app/api-reference/config/
eslint#disabling-rules
